// Jest Snapshot v1, https://goo.gl/fbAQLP

exports[`Parse Paragraph works 1`] = `
Object {
  "children": Array [
    Object {
      "children": Array [
        Object {
          "children": Array [
            Object {
              "children": Array [],
              "data": Object {
                "level": 1,
              },
              "parent": Object {
                "children": [Circular],
                "data": Object {
                  "level": 1,
                },
                "position": Object {
                  "end": Object {
                    "column": 0,
                    "line": 2,
                  },
                  "start": Object {
                    "column": 0,
                    "line": 1,
                  },
                },
                "type": "headline",
              },
              "position": Object {
                "end": Object {
                  "column": 1,
                  "line": 1,
                },
                "start": Object {
                  "column": 0,
                  "line": 1,
                },
              },
              "type": "stars",
            },
            Object {
              "children": Array [],
              "parent": Object {
                "children": [Circular],
                "data": Object {
                  "level": 1,
                },
                "position": Object {
                  "end": Object {
                    "column": 0,
                    "line": 2,
                  },
                  "start": Object {
                    "column": 0,
                    "line": 1,
                  },
                },
                "type": "headline",
              },
              "position": Object {
                "end": Object {
                  "column": 6,
                  "line": 1,
                },
                "start": Object {
                  "column": 2,
                  "line": 1,
                },
              },
              "type": "keyword",
            },
            Object {
              "children": Array [
                Object {
                  "children": Array [],
                  "parent": Object {
                    "children": [Circular],
                    "position": Object {
                      "end": Object {
                        "column": 22,
                        "line": 1,
                      },
                      "start": Object {
                        "column": 7,
                        "line": 1,
                      },
                    },
                    "type": "content",
                  },
                  "position": Object {
                    "end": Object {
                      "column": 22,
                      "line": 1,
                    },
                    "start": Object {
                      "column": 7,
                      "line": 1,
                    },
                  },
                  "type": "text.plain",
                },
              ],
              "parent": Object {
                "children": [Circular],
                "data": Object {
                  "level": 1,
                },
                "position": Object {
                  "end": Object {
                    "column": 0,
                    "line": 2,
                  },
                  "start": Object {
                    "column": 0,
                    "line": 1,
                  },
                },
                "type": "headline",
              },
              "position": Object {
                "end": Object {
                  "column": 22,
                  "line": 1,
                },
                "start": Object {
                  "column": 7,
                  "line": 1,
                },
              },
              "type": "content",
            },
            Object {
              "children": Array [],
              "parent": Object {
                "children": [Circular],
                "data": Object {
                  "level": 1,
                },
                "position": Object {
                  "end": Object {
                    "column": 0,
                    "line": 2,
                  },
                  "start": Object {
                    "column": 0,
                    "line": 1,
                  },
                },
                "type": "headline",
              },
              "position": Object {
                "end": Object {
                  "column": 0,
                  "line": 2,
                },
                "start": Object {
                  "column": 34,
                  "line": 1,
                },
              },
              "type": "newline",
            },
          ],
          "data": Object {
            "level": 1,
          },
          "parent": Object {
            "children": [Circular],
            "position": Object {
              "end": Object {
                "column": 18,
                "line": 8,
              },
              "start": Object {
                "column": 0,
                "line": 1,
              },
            },
            "type": "section",
          },
          "position": Object {
            "end": Object {
              "column": 0,
              "line": 2,
            },
            "start": Object {
              "column": 0,
              "line": 1,
            },
          },
          "type": "headline",
        },
        Object {
          "children": Array [
            Object {
              "children": Array [],
              "data": Object {
                "description": "Here's",
                "uri": Object {
                  "location": "//github.com/xiaoxinghu/orgajs",
                  "protocol": "https",
                  "raw": "https://github.com/xiaoxinghu/orgajs",
                },
              },
              "parent": Object {
                "children": [Circular],
                "position": Object {
                  "end": Object {
                    "column": 11,
                    "line": 4,
                  },
                  "start": Object {
                    "column": 0,
                    "line": 3,
                  },
                },
                "type": "paragraph",
              },
              "position": Object {
                "end": Object {
                  "column": 48,
                  "line": 3,
                },
                "start": Object {
                  "column": 0,
                  "line": 3,
                },
              },
              "type": "text.link",
            },
            Object {
              "children": Array [],
              "parent": Object {
                "children": [Circular],
                "position": Object {
                  "end": Object {
                    "column": 11,
                    "line": 4,
                  },
                  "start": Object {
                    "column": 0,
                    "line": 3,
                  },
                },
                "type": "paragraph",
              },
              "position": Object {
                "end": Object {
                  "column": 61,
                  "line": 3,
                },
                "start": Object {
                  "column": 48,
                  "line": 3,
                },
              },
              "type": "text.plain",
            },
            Object {
              "children": Array [],
              "parent": Object {
                "children": [Circular],
                "position": Object {
                  "end": Object {
                    "column": 11,
                    "line": 4,
                  },
                  "start": Object {
                    "column": 0,
                    "line": 3,
                  },
                },
                "type": "paragraph",
              },
              "position": Object {
                "end": Object {
                  "column": 11,
                  "line": 4,
                },
                "start": Object {
                  "column": 0,
                  "line": 4,
                },
              },
              "type": "text.plain",
            },
          ],
          "parent": Object {
            "children": [Circular],
            "position": Object {
              "end": Object {
                "column": 18,
                "line": 8,
              },
              "start": Object {
                "column": 0,
                "line": 1,
              },
            },
            "type": "section",
          },
          "position": Object {
            "end": Object {
              "column": 11,
              "line": 4,
            },
            "start": Object {
              "column": 0,
              "line": 3,
            },
          },
          "type": "paragraph",
        },
        Object {
          "children": Array [
            Object {
              "children": Array [],
              "parent": Object {
                "children": [Circular],
                "position": Object {
                  "end": Object {
                    "column": 22,
                    "line": 6,
                  },
                  "start": Object {
                    "column": 0,
                    "line": 6,
                  },
                },
                "type": "paragraph",
              },
              "position": Object {
                "end": Object {
                  "column": 22,
                  "line": 6,
                },
                "start": Object {
                  "column": 0,
                  "line": 6,
                },
              },
              "type": "text.plain",
            },
          ],
          "parent": Object {
            "children": [Circular],
            "position": Object {
              "end": Object {
                "column": 18,
                "line": 8,
              },
              "start": Object {
                "column": 0,
                "line": 1,
              },
            },
            "type": "section",
          },
          "position": Object {
            "end": Object {
              "column": 22,
              "line": 6,
            },
            "start": Object {
              "column": 0,
              "line": 6,
            },
          },
          "type": "paragraph",
        },
        Object {
          "children": Array [
            Object {
              "children": Array [
                Object {
                  "children": Array [],
                  "data": Object {
                    "level": 2,
                  },
                  "parent": Object {
                    "children": [Circular],
                    "data": Object {
                      "level": 2,
                    },
                    "position": Object {
                      "end": Object {
                        "column": 0,
                        "line": 8,
                      },
                      "start": Object {
                        "column": 0,
                        "line": 7,
                      },
                    },
                    "type": "headline",
                  },
                  "position": Object {
                    "end": Object {
                      "column": 2,
                      "line": 7,
                    },
                    "start": Object {
                      "column": 0,
                      "line": 7,
                    },
                  },
                  "type": "stars",
                },
                Object {
                  "children": Array [
                    Object {
                      "children": Array [],
                      "parent": Object {
                        "children": [Circular],
                        "position": Object {
                          "end": Object {
                            "column": 19,
                            "line": 7,
                          },
                          "start": Object {
                            "column": 3,
                            "line": 7,
                          },
                        },
                        "type": "content",
                      },
                      "position": Object {
                        "end": Object {
                          "column": 19,
                          "line": 7,
                        },
                        "start": Object {
                          "column": 3,
                          "line": 7,
                        },
                      },
                      "type": "text.plain",
                    },
                  ],
                  "parent": Object {
                    "children": [Circular],
                    "data": Object {
                      "level": 2,
                    },
                    "position": Object {
                      "end": Object {
                        "column": 0,
                        "line": 8,
                      },
                      "start": Object {
                        "column": 0,
                        "line": 7,
                      },
                    },
                    "type": "headline",
                  },
                  "position": Object {
                    "end": Object {
                      "column": 19,
                      "line": 7,
                    },
                    "start": Object {
                      "column": 3,
                      "line": 7,
                    },
                  },
                  "type": "content",
                },
                Object {
                  "children": Array [],
                  "parent": Object {
                    "children": [Circular],
                    "data": Object {
                      "level": 2,
                    },
                    "position": Object {
                      "end": Object {
                        "column": 0,
                        "line": 8,
                      },
                      "start": Object {
                        "column": 0,
                        "line": 7,
                      },
                    },
                    "type": "headline",
                  },
                  "position": Object {
                    "end": Object {
                      "column": 0,
                      "line": 8,
                    },
                    "start": Object {
                      "column": 19,
                      "line": 7,
                    },
                  },
                  "type": "newline",
                },
              ],
              "data": Object {
                "level": 2,
              },
              "parent": Object {
                "children": [Circular],
                "position": Object {
                  "end": Object {
                    "column": 18,
                    "line": 8,
                  },
                  "start": Object {
                    "column": 0,
                    "line": 7,
                  },
                },
                "type": "section",
              },
              "position": Object {
                "end": Object {
                  "column": 0,
                  "line": 8,
                },
                "start": Object {
                  "column": 0,
                  "line": 7,
                },
              },
              "type": "headline",
            },
            Object {
              "children": Array [
                Object {
                  "children": Array [],
                  "parent": Object {
                    "children": [Circular],
                    "position": Object {
                      "end": Object {
                        "column": 18,
                        "line": 8,
                      },
                      "start": Object {
                        "column": 0,
                        "line": 8,
                      },
                    },
                    "type": "paragraph",
                  },
                  "position": Object {
                    "end": Object {
                      "column": 18,
                      "line": 8,
                    },
                    "start": Object {
                      "column": 0,
                      "line": 8,
                    },
                  },
                  "type": "text.plain",
                },
              ],
              "parent": Object {
                "children": [Circular],
                "position": Object {
                  "end": Object {
                    "column": 18,
                    "line": 8,
                  },
                  "start": Object {
                    "column": 0,
                    "line": 7,
                  },
                },
                "type": "section",
              },
              "position": Object {
                "end": Object {
                  "column": 18,
                  "line": 8,
                },
                "start": Object {
                  "column": 0,
                  "line": 8,
                },
              },
              "type": "paragraph",
            },
          ],
          "parent": Object {
            "children": [Circular],
            "position": Object {
              "end": Object {
                "column": 18,
                "line": 8,
              },
              "start": Object {
                "column": 0,
                "line": 1,
              },
            },
            "type": "section",
          },
          "position": Object {
            "end": Object {
              "column": 18,
              "line": 8,
            },
            "start": Object {
              "column": 0,
              "line": 7,
            },
          },
          "type": "section",
        },
      ],
      "parent": [Circular],
      "position": Object {
        "end": Object {
          "column": 18,
          "line": 8,
        },
        "start": Object {
          "column": 0,
          "line": 1,
        },
      },
      "type": "section",
    },
  ],
  "position": Object {
    "end": Object {
      "column": 18,
      "line": 8,
    },
    "start": Object {
      "column": 0,
      "line": 1,
    },
  },
  "type": "document",
}
`;
