// Jest Snapshot v1, https://goo.gl/fbAQLP

exports[`Main POC 1`] = `
Object {
  "children": Array [
    Object {
      "children": Array [
        Object {
          "children": Array [
            Object {
              "type": "text",
              "value": "remember the ",
            },
            Object {
              "children": Array [
                Object {
                  "type": "text",
                  "value": "milk",
                },
              ],
              "properties": Object {},
              "tagName": "strong",
              "type": "element",
            },
          ],
          "properties": Object {},
          "tagName": "h1",
          "type": "element",
        },
        Object {
          "children": Array [
            Object {
              "type": "text",
              "value": "This is a paragraph",
            },
            Object {
              "children": Array [
                Object {
                  "type": "text",
                  "value": "something bold",
                },
              ],
              "properties": Object {},
              "tagName": "strong",
              "type": "element",
            },
            Object {
              "type": "text",
              "value": "Some more text.",
            },
          ],
          "properties": Object {},
          "tagName": "p",
          "type": "element",
        },
      ],
      "properties": Object {
        "className": "section",
      },
      "tagName": "div",
      "type": "element",
    },
    Object {
      "children": Array [
        Object {
          "children": Array [
            Object {
              "type": "text",
              "value": "console.log(\\"hello world\\")",
            },
          ],
          "properties": Object {
            "className": Array [
              "language-javascript",
            ],
          },
          "tagName": "code",
          "type": "element",
        },
      ],
      "properties": Object {},
      "tagName": "pre",
      "type": "element",
    },
  ],
  "type": "root",
}
`;

exports[`Main can do list item 1`] = `
Object {
  "children": Array [
    Object {
      "children": Array [
        Object {
          "children": Array [
            Object {
              "type": "text",
              "value": "item1",
            },
          ],
          "properties": Object {},
          "tagName": "dt",
          "type": "element",
        },
        Object {
          "children": Array [
            Object {
              "type": "text",
              "value": "this is item 1",
            },
          ],
          "properties": Object {},
          "tagName": "dd",
          "type": "element",
        },
        Object {
          "children": Array [
            Object {
              "type": "text",
              "value": "(no item)",
            },
          ],
          "properties": Object {},
          "tagName": "dt",
          "type": "element",
        },
        Object {
          "children": Array [
            Object {
              "type": "text",
              "value": "this is item 2",
            },
          ],
          "properties": Object {},
          "tagName": "dd",
          "type": "element",
        },
      ],
      "properties": Object {},
      "tagName": "dl",
      "type": "element",
    },
  ],
  "type": "root",
}
`;
