// Jest Snapshot v1, https://goo.gl/fbAQLP

exports[`Parser can handle nested headlines 1`] = `
Object {
  "children": Array [
    Object {
      "children": Array [
        Object {
          "children": Array [
            Object {
              "children": Array [],
              "data": Object {
                "level": 1,
              },
              "parent": Object {
                "children": [Circular],
                "data": Object {
                  "level": 1,
                },
                "position": Object {
                  "end": Object {
                    "column": 14,
                    "line": 1,
                  },
                  "start": Object {
                    "column": 0,
                    "line": 1,
                  },
                },
                "type": "headline",
              },
              "position": Object {
                "end": Object {
                  "column": 1,
                  "line": 1,
                },
                "start": Object {
                  "column": 0,
                  "line": 1,
                },
              },
              "type": "stars",
            },
            Object {
              "children": Array [
                Object {
                  "children": Array [],
                  "parent": Object {
                    "children": [Circular],
                    "position": Object {
                      "end": Object {
                        "column": 14,
                        "line": 1,
                      },
                      "start": Object {
                        "column": 2,
                        "line": 1,
                      },
                    },
                    "type": "content",
                  },
                  "position": Object {
                    "end": Object {
                      "column": 14,
                      "line": 1,
                    },
                    "start": Object {
                      "column": 2,
                      "line": 1,
                    },
                  },
                  "type": "text.plain",
                },
              ],
              "parent": Object {
                "children": [Circular],
                "data": Object {
                  "level": 1,
                },
                "position": Object {
                  "end": Object {
                    "column": 14,
                    "line": 1,
                  },
                  "start": Object {
                    "column": 0,
                    "line": 1,
                  },
                },
                "type": "headline",
              },
              "position": Object {
                "end": Object {
                  "column": 14,
                  "line": 1,
                },
                "start": Object {
                  "column": 2,
                  "line": 1,
                },
              },
              "type": "content",
            },
          ],
          "data": Object {
            "level": 1,
          },
          "parent": Object {
            "children": [Circular],
            "data": Object {
              "level": 1,
            },
            "position": Object {
              "end": Object {
                "column": 17,
                "line": 7,
              },
              "start": Object {
                "column": 0,
                "line": 1,
              },
            },
            "type": "section",
          },
          "position": Object {
            "end": Object {
              "column": 14,
              "line": 1,
            },
            "start": Object {
              "column": 0,
              "line": 1,
            },
          },
          "type": "headline",
        },
        Object {
          "children": Array [
            Object {
              "children": Array [],
              "parent": Object {
                "children": [Circular],
                "position": Object {
                  "end": Object {
                    "column": 9,
                    "line": 2,
                  },
                  "start": Object {
                    "column": 0,
                    "line": 2,
                  },
                },
                "type": "paragraph",
              },
              "position": Object {
                "end": Object {
                  "column": 9,
                  "line": 2,
                },
                "start": Object {
                  "column": 0,
                  "line": 2,
                },
              },
              "type": "text.plain",
            },
          ],
          "parent": Object {
            "children": [Circular],
            "data": Object {
              "level": 1,
            },
            "position": Object {
              "end": Object {
                "column": 17,
                "line": 7,
              },
              "start": Object {
                "column": 0,
                "line": 1,
              },
            },
            "type": "section",
          },
          "position": Object {
            "end": Object {
              "column": 9,
              "line": 2,
            },
            "start": Object {
              "column": 0,
              "line": 2,
            },
          },
          "type": "paragraph",
        },
        Object {
          "children": Array [
            Object {
              "children": Array [
                Object {
                  "children": Array [],
                  "data": Object {
                    "level": 2,
                  },
                  "parent": Object {
                    "children": [Circular],
                    "data": Object {
                      "level": 2,
                    },
                    "position": Object {
                      "end": Object {
                        "column": 17,
                        "line": 3,
                      },
                      "start": Object {
                        "column": 0,
                        "line": 3,
                      },
                    },
                    "type": "headline",
                  },
                  "position": Object {
                    "end": Object {
                      "column": 2,
                      "line": 3,
                    },
                    "start": Object {
                      "column": 0,
                      "line": 3,
                    },
                  },
                  "type": "stars",
                },
                Object {
                  "children": Array [
                    Object {
                      "children": Array [],
                      "parent": Object {
                        "children": [Circular],
                        "position": Object {
                          "end": Object {
                            "column": 17,
                            "line": 3,
                          },
                          "start": Object {
                            "column": 3,
                            "line": 3,
                          },
                        },
                        "type": "content",
                      },
                      "position": Object {
                        "end": Object {
                          "column": 17,
                          "line": 3,
                        },
                        "start": Object {
                          "column": 3,
                          "line": 3,
                        },
                      },
                      "type": "text.plain",
                    },
                  ],
                  "parent": Object {
                    "children": [Circular],
                    "data": Object {
                      "level": 2,
                    },
                    "position": Object {
                      "end": Object {
                        "column": 17,
                        "line": 3,
                      },
                      "start": Object {
                        "column": 0,
                        "line": 3,
                      },
                    },
                    "type": "headline",
                  },
                  "position": Object {
                    "end": Object {
                      "column": 17,
                      "line": 3,
                    },
                    "start": Object {
                      "column": 3,
                      "line": 3,
                    },
                  },
                  "type": "content",
                },
              ],
              "data": Object {
                "level": 2,
              },
              "parent": Object {
                "children": [Circular],
                "data": Object {
                  "level": 2,
                },
                "position": Object {
                  "end": Object {
                    "column": 7,
                    "line": 5,
                  },
                  "start": Object {
                    "column": 0,
                    "line": 3,
                  },
                },
                "type": "section",
              },
              "position": Object {
                "end": Object {
                  "column": 17,
                  "line": 3,
                },
                "start": Object {
                  "column": 0,
                  "line": 3,
                },
              },
              "type": "headline",
            },
            Object {
              "children": Array [
                Object {
                  "children": Array [
                    Object {
                      "children": Array [],
                      "data": Object {
                        "level": 3,
                      },
                      "parent": Object {
                        "children": [Circular],
                        "data": Object {
                          "level": 3,
                        },
                        "position": Object {
                          "end": Object {
                            "column": 20,
                            "line": 4,
                          },
                          "start": Object {
                            "column": 0,
                            "line": 4,
                          },
                        },
                        "type": "headline",
                      },
                      "position": Object {
                        "end": Object {
                          "column": 3,
                          "line": 4,
                        },
                        "start": Object {
                          "column": 0,
                          "line": 4,
                        },
                      },
                      "type": "stars",
                    },
                    Object {
                      "children": Array [
                        Object {
                          "children": Array [],
                          "parent": Object {
                            "children": [Circular],
                            "position": Object {
                              "end": Object {
                                "column": 20,
                                "line": 4,
                              },
                              "start": Object {
                                "column": 4,
                                "line": 4,
                              },
                            },
                            "type": "content",
                          },
                          "position": Object {
                            "end": Object {
                              "column": 20,
                              "line": 4,
                            },
                            "start": Object {
                              "column": 4,
                              "line": 4,
                            },
                          },
                          "type": "text.plain",
                        },
                      ],
                      "parent": Object {
                        "children": [Circular],
                        "data": Object {
                          "level": 3,
                        },
                        "position": Object {
                          "end": Object {
                            "column": 20,
                            "line": 4,
                          },
                          "start": Object {
                            "column": 0,
                            "line": 4,
                          },
                        },
                        "type": "headline",
                      },
                      "position": Object {
                        "end": Object {
                          "column": 20,
                          "line": 4,
                        },
                        "start": Object {
                          "column": 4,
                          "line": 4,
                        },
                      },
                      "type": "content",
                    },
                  ],
                  "data": Object {
                    "level": 3,
                  },
                  "parent": Object {
                    "children": [Circular],
                    "data": Object {
                      "level": 3,
                    },
                    "position": Object {
                      "end": Object {
                        "column": 7,
                        "line": 5,
                      },
                      "start": Object {
                        "column": 0,
                        "line": 4,
                      },
                    },
                    "type": "section",
                  },
                  "position": Object {
                    "end": Object {
                      "column": 20,
                      "line": 4,
                    },
                    "start": Object {
                      "column": 0,
                      "line": 4,
                    },
                  },
                  "type": "headline",
                },
                Object {
                  "children": Array [
                    Object {
                      "children": Array [],
                      "parent": Object {
                        "children": [Circular],
                        "position": Object {
                          "end": Object {
                            "column": 7,
                            "line": 5,
                          },
                          "start": Object {
                            "column": 0,
                            "line": 5,
                          },
                        },
                        "type": "paragraph",
                      },
                      "position": Object {
                        "end": Object {
                          "column": 7,
                          "line": 5,
                        },
                        "start": Object {
                          "column": 0,
                          "line": 5,
                        },
                      },
                      "type": "text.plain",
                    },
                  ],
                  "parent": Object {
                    "children": [Circular],
                    "data": Object {
                      "level": 3,
                    },
                    "position": Object {
                      "end": Object {
                        "column": 7,
                        "line": 5,
                      },
                      "start": Object {
                        "column": 0,
                        "line": 4,
                      },
                    },
                    "type": "section",
                  },
                  "position": Object {
                    "end": Object {
                      "column": 7,
                      "line": 5,
                    },
                    "start": Object {
                      "column": 0,
                      "line": 5,
                    },
                  },
                  "type": "paragraph",
                },
              ],
              "data": Object {
                "level": 3,
              },
              "parent": Object {
                "children": [Circular],
                "data": Object {
                  "level": 2,
                },
                "position": Object {
                  "end": Object {
                    "column": 7,
                    "line": 5,
                  },
                  "start": Object {
                    "column": 0,
                    "line": 3,
                  },
                },
                "type": "section",
              },
              "position": Object {
                "end": Object {
                  "column": 7,
                  "line": 5,
                },
                "start": Object {
                  "column": 0,
                  "line": 4,
                },
              },
              "type": "section",
            },
          ],
          "data": Object {
            "level": 2,
          },
          "parent": Object {
            "children": [Circular],
            "data": Object {
              "level": 1,
            },
            "position": Object {
              "end": Object {
                "column": 17,
                "line": 7,
              },
              "start": Object {
                "column": 0,
                "line": 1,
              },
            },
            "type": "section",
          },
          "position": Object {
            "end": Object {
              "column": 7,
              "line": 5,
            },
            "start": Object {
              "column": 0,
              "line": 3,
            },
          },
          "type": "section",
        },
        Object {
          "children": Array [
            Object {
              "children": Array [
                Object {
                  "children": Array [],
                  "data": Object {
                    "level": 2,
                  },
                  "parent": Object {
                    "children": [Circular],
                    "data": Object {
                      "level": 2,
                    },
                    "position": Object {
                      "end": Object {
                        "column": 17,
                        "line": 7,
                      },
                      "start": Object {
                        "column": 0,
                        "line": 7,
                      },
                    },
                    "type": "headline",
                  },
                  "position": Object {
                    "end": Object {
                      "column": 2,
                      "line": 7,
                    },
                    "start": Object {
                      "column": 0,
                      "line": 7,
                    },
                  },
                  "type": "stars",
                },
                Object {
                  "children": Array [
                    Object {
                      "children": Array [],
                      "parent": Object {
                        "children": [Circular],
                        "position": Object {
                          "end": Object {
                            "column": 17,
                            "line": 7,
                          },
                          "start": Object {
                            "column": 3,
                            "line": 7,
                          },
                        },
                        "type": "content",
                      },
                      "position": Object {
                        "end": Object {
                          "column": 17,
                          "line": 7,
                        },
                        "start": Object {
                          "column": 3,
                          "line": 7,
                        },
                      },
                      "type": "text.plain",
                    },
                  ],
                  "parent": Object {
                    "children": [Circular],
                    "data": Object {
                      "level": 2,
                    },
                    "position": Object {
                      "end": Object {
                        "column": 17,
                        "line": 7,
                      },
                      "start": Object {
                        "column": 0,
                        "line": 7,
                      },
                    },
                    "type": "headline",
                  },
                  "position": Object {
                    "end": Object {
                      "column": 17,
                      "line": 7,
                    },
                    "start": Object {
                      "column": 3,
                      "line": 7,
                    },
                  },
                  "type": "content",
                },
              ],
              "data": Object {
                "level": 2,
              },
              "parent": Object {
                "children": [Circular],
                "data": Object {
                  "level": 2,
                },
                "position": Object {
                  "end": Object {
                    "column": 17,
                    "line": 7,
                  },
                  "start": Object {
                    "column": 0,
                    "line": 7,
                  },
                },
                "type": "section",
              },
              "position": Object {
                "end": Object {
                  "column": 17,
                  "line": 7,
                },
                "start": Object {
                  "column": 0,
                  "line": 7,
                },
              },
              "type": "headline",
            },
          ],
          "data": Object {
            "level": 2,
          },
          "parent": Object {
            "children": [Circular],
            "data": Object {
              "level": 1,
            },
            "position": Object {
              "end": Object {
                "column": 17,
                "line": 7,
              },
              "start": Object {
                "column": 0,
                "line": 1,
              },
            },
            "type": "section",
          },
          "position": Object {
            "end": Object {
              "column": 17,
              "line": 7,
            },
            "start": Object {
              "column": 0,
              "line": 7,
            },
          },
          "type": "section",
        },
      ],
      "data": Object {
        "level": 1,
      },
      "parent": [Circular],
      "position": Object {
        "end": Object {
          "column": 17,
          "line": 7,
        },
        "start": Object {
          "column": 0,
          "line": 1,
        },
      },
      "type": "section",
    },
    Object {
      "children": Array [
        Object {
          "children": Array [
            Object {
              "children": Array [],
              "data": Object {
                "level": 1,
              },
              "parent": Object {
                "children": [Circular],
                "data": Object {
                  "level": 1,
                },
                "position": Object {
                  "end": Object {
                    "column": 14,
                    "line": 8,
                  },
                  "start": Object {
                    "column": 0,
                    "line": 8,
                  },
                },
                "type": "headline",
              },
              "position": Object {
                "end": Object {
                  "column": 1,
                  "line": 8,
                },
                "start": Object {
                  "column": 0,
                  "line": 8,
                },
              },
              "type": "stars",
            },
            Object {
              "children": Array [
                Object {
                  "children": Array [],
                  "parent": Object {
                    "children": [Circular],
                    "position": Object {
                      "end": Object {
                        "column": 14,
                        "line": 8,
                      },
                      "start": Object {
                        "column": 2,
                        "line": 8,
                      },
                    },
                    "type": "content",
                  },
                  "position": Object {
                    "end": Object {
                      "column": 14,
                      "line": 8,
                    },
                    "start": Object {
                      "column": 2,
                      "line": 8,
                    },
                  },
                  "type": "text.plain",
                },
              ],
              "parent": Object {
                "children": [Circular],
                "data": Object {
                  "level": 1,
                },
                "position": Object {
                  "end": Object {
                    "column": 14,
                    "line": 8,
                  },
                  "start": Object {
                    "column": 0,
                    "line": 8,
                  },
                },
                "type": "headline",
              },
              "position": Object {
                "end": Object {
                  "column": 14,
                  "line": 8,
                },
                "start": Object {
                  "column": 2,
                  "line": 8,
                },
              },
              "type": "content",
            },
          ],
          "data": Object {
            "level": 1,
          },
          "parent": Object {
            "children": [Circular],
            "data": Object {
              "level": 1,
            },
            "position": Object {
              "end": Object {
                "column": 17,
                "line": 9,
              },
              "start": Object {
                "column": 0,
                "line": 8,
              },
            },
            "type": "section",
          },
          "position": Object {
            "end": Object {
              "column": 14,
              "line": 8,
            },
            "start": Object {
              "column": 0,
              "line": 8,
            },
          },
          "type": "headline",
        },
        Object {
          "children": Array [
            Object {
              "children": Array [
                Object {
                  "children": Array [],
                  "data": Object {
                    "level": 2,
                  },
                  "parent": Object {
                    "children": [Circular],
                    "data": Object {
                      "level": 2,
                    },
                    "position": Object {
                      "end": Object {
                        "column": 17,
                        "line": 9,
                      },
                      "start": Object {
                        "column": 0,
                        "line": 9,
                      },
                    },
                    "type": "headline",
                  },
                  "position": Object {
                    "end": Object {
                      "column": 2,
                      "line": 9,
                    },
                    "start": Object {
                      "column": 0,
                      "line": 9,
                    },
                  },
                  "type": "stars",
                },
                Object {
                  "children": Array [
                    Object {
                      "children": Array [],
                      "parent": Object {
                        "children": [Circular],
                        "position": Object {
                          "end": Object {
                            "column": 17,
                            "line": 9,
                          },
                          "start": Object {
                            "column": 3,
                            "line": 9,
                          },
                        },
                        "type": "content",
                      },
                      "position": Object {
                        "end": Object {
                          "column": 17,
                          "line": 9,
                        },
                        "start": Object {
                          "column": 3,
                          "line": 9,
                        },
                      },
                      "type": "text.plain",
                    },
                  ],
                  "parent": Object {
                    "children": [Circular],
                    "data": Object {
                      "level": 2,
                    },
                    "position": Object {
                      "end": Object {
                        "column": 17,
                        "line": 9,
                      },
                      "start": Object {
                        "column": 0,
                        "line": 9,
                      },
                    },
                    "type": "headline",
                  },
                  "position": Object {
                    "end": Object {
                      "column": 17,
                      "line": 9,
                    },
                    "start": Object {
                      "column": 3,
                      "line": 9,
                    },
                  },
                  "type": "content",
                },
              ],
              "data": Object {
                "level": 2,
              },
              "parent": Object {
                "children": [Circular],
                "data": Object {
                  "level": 2,
                },
                "position": Object {
                  "end": Object {
                    "column": 17,
                    "line": 9,
                  },
                  "start": Object {
                    "column": 0,
                    "line": 9,
                  },
                },
                "type": "section",
              },
              "position": Object {
                "end": Object {
                  "column": 17,
                  "line": 9,
                },
                "start": Object {
                  "column": 0,
                  "line": 9,
                },
              },
              "type": "headline",
            },
          ],
          "data": Object {
            "level": 2,
          },
          "parent": Object {
            "children": [Circular],
            "data": Object {
              "level": 1,
            },
            "position": Object {
              "end": Object {
                "column": 17,
                "line": 9,
              },
              "start": Object {
                "column": 0,
                "line": 8,
              },
            },
            "type": "section",
          },
          "position": Object {
            "end": Object {
              "column": 17,
              "line": 9,
            },
            "start": Object {
              "column": 0,
              "line": 9,
            },
          },
          "type": "section",
        },
      ],
      "data": Object {
        "level": 1,
      },
      "parent": [Circular],
      "position": Object {
        "end": Object {
          "column": 17,
          "line": 9,
        },
        "start": Object {
          "column": 0,
          "line": 8,
        },
      },
      "type": "section",
    },
  ],
  "position": Object {
    "end": Object {
      "column": 17,
      "line": 9,
    },
    "start": Object {
      "column": 0,
      "line": 1,
    },
  },
  "type": "document",
}
`;
